Archive member included to satisfy reference by file (symbol)

C:/Users/Tri-America/Downloads/CEdev-Windows/CEdev/lib/libc/allocator_standard.a(allocator_standard.o)
                              obj/Technicl.o (_malloc)
C:/Users/Tri-America/Downloads/CEdev-Windows/CEdev/lib/libc/libc_os.a(memcpy.ce.o)
                              C:/Users/Tri-America/Downloads/CEdev-Windows/CEdev/lib/libc/allocator_standard.a(allocator_standard.o) (_memcpy)

Merging object attributes


Discarded input sections

 .comment       0x00000000      0x536 obj/Technicl.o
 .note.GNU-stack
                0x00000000        0x0 obj/Technicl.o
 .init.weak_crt
                0x00000000       0x10 obj/Technicl.o
 .text          0x00000000        0x0 obj/crt0.o
 .data          0x00000000        0x0 obj/crt0.o
 .bss           0x00000000        0x0 obj/crt0.o
 .text          0x00000000        0x0 C:/Users/Tri-America/Downloads/CEdev-Windows/CEdev/lib/libc/allocator_standard.a(allocator_standard.o)
 .data          0x00000000        0x0 C:/Users/Tri-America/Downloads/CEdev-Windows/CEdev/lib/libc/allocator_standard.a(allocator_standard.o)
 .bss           0x00000000        0x0 C:/Users/Tri-America/Downloads/CEdev-Windows/CEdev/lib/libc/allocator_standard.a(allocator_standard.o)
 .text._realloc
                0x00000000       0x7c C:/Users/Tri-America/Downloads/CEdev-Windows/CEdev/lib/libc/allocator_standard.a(allocator_standard.o)
 .comment       0x00000000       0x70 C:/Users/Tri-America/Downloads/CEdev-Windows/CEdev/lib/libc/allocator_standard.a(allocator_standard.o)
 .note.GNU-stack
                0x00000000        0x0 C:/Users/Tri-America/Downloads/CEdev-Windows/CEdev/lib/libc/allocator_standard.a(allocator_standard.o)
 .text          0x00000000       0x21 C:/Users/Tri-America/Downloads/CEdev-Windows/CEdev/lib/libc/libc_os.a(memcpy.ce.o)
 .data          0x00000000        0x0 C:/Users/Tri-America/Downloads/CEdev-Windows/CEdev/lib/libc/libc_os.a(memcpy.ce.o)
 .bss           0x00000000        0x0 C:/Users/Tri-America/Downloads/CEdev-Windows/CEdev/lib/libc/libc_os.a(memcpy.ce.o)

Memory Configuration

Name             Origin             Length             Attributes
prgm             0x00d1a87f         0x00400000
bss              0x00d052c6         0x0000ed12
*default*        0x00000000         0xffffffff

Linker script and memory map

                0x00d1a87f                        LOAD_ADDR = 0xd1a87f
                0x00d052c6                        BSSHEAP_LOW = 0xd052c6
                0x00d13fd8                        BSSHEAP_HIGH = 0xd13fd8
                0x00d1a87e                        STACK_HIGH = 0xd1a87e
                0x00000001                        __TICE__ = 0x1
                0x00d1a87f                        . = LOAD_ADDR

.header         0x00d1a87f        0xd
 *(.header)
 .header        0x00d1a87f        0x3 obj/crt0.o
 *(.header.icon)
 .header.icon   0x00d1a882        0xa obj/Technicl.o
                0x00d1a887                ___description

.init           0x00d1a88c      0x176
 *(.init)
 .init          0x00d1a88c      0x176 obj/crt0.o
                0x00d1a88c                __start
                0x00d1a8e9                __libload_library_FILEIOC
                0x00d1a8f3                _ti_Open
                0x00d1a8f7                _ti_Close
                0x00d1a8fb                _ti_Write
                0x00d1a8ff                _ti_Read
                0x00d1a903                _ti_Rewind
                0x00d1a907                __libload_library_GRAPHX
                0x00d1a910                _gfx_Begin
                0x00d1a914                _gfx_End
                0x00d1a918                _gfx_SetColor
                0x00d1a91c                _gfx_SetPalette
                0x00d1a920                _gfx_SetDraw
                0x00d1a924                _gfx_SwapDraw
                0x00d1a928                _gfx_PrintUInt
                0x00d1a92c                _gfx_PrintStringXY
                0x00d1a930                _gfx_SetTextXY
                0x00d1a934                _gfx_SetTextBGColor
                0x00d1a938                _gfx_SetTextFGColor
                0x00d1a93c                _gfx_SetMonospaceFont
                0x00d1a940                _gfx_FillRectangle_NoClip
                0x00d1a944                _gfx_SetClipRegion
                0x00d1a948                _gfx_AllocSprite
                0x00d1a94c                _gfx_Sprite
                0x00d1a950                _gfx_Sprite_NoClip
                0x00d1a954                _gfx_TransparentSprite_NoClip
                0x00d1a958                _gfx_GetSprite
                0x00d1a95c                _gfx_SetTransparentColor
                0x00d1a960                _gfx_ZeroScreen
                0x00d1a964                _gfx_CopyRectangle
                0x00d1a968                __libload_library_KEYPADC
                0x00d1a972                _kb_AnyKey
                0x00d1a9c6                ___exithl
                0x00d1a9c7                _exit.sp

.text           0x00d1aa02     0x2f5f
 *(.text.unlikely .text.*_unlikely .text.unlikely.*)
 *(.text.exit .text.exit.*)
 *(.text.startup .text.startup.*)
 *(.text.hot .text.hot.*)
 *(SORT_BY_NAME(.text.sorted.*))
 *(.text .stub .text.* .gnu.linkonce.t.*)
 .text          0x00d1aa02      0x240 obj/Technicl.o
                0x00d1aa02                __land
                0x00d1aa06                __iand
                0x00d1aa1d                __bdivu
                0x00d1aa27                __bdvrmu
                0x00d1aa28                __bdvrmu.hijack_l_dividend
                0x00d1aa36                __bshl
                0x00d1aa3f                __frameset
                0x00d1aa4d                __frameset0
                0x00d1aa58                __idivs
                0x00d1aa5f                __idvrms
                0x00d1aa8d                __idvrmu
                0x00d1aa91                __idvrmu.hijack_a_iters_ude_dividend
                0x00d1aaa7                __imuls
                0x00d1aaa7                __imulu
                0x00d1aad7                __ineg
                0x00d1aad7                __sneg
                0x00d1aae0                __iremu
                0x00d1aae7                __sshl
                0x00d1aae7                __ishl
                0x00d1ab0d                __ishru
                0x00d1ab12                __ishrs
                0x00d1ab4e                __lor
                0x00d1ab52                __ior
                0x00d1ab69                __sand
                0x00d1ab72                __sshru
                0x00d1ab7f                __lxor
                0x00d1ab83                __ixor
                0x00d1ab9a                ___sleep_common.1
                0x00d1ab9a                ___sleep_common
                0x00d1ab9b                ___sleep_common.2
                0x00d1ab9c                ___sleep_common.3
                0x00d1abb5                _clock
                0x00d1abc0                __indcallhl
                0x00d1abc1                __lmulu
                0x00d1abc1                __lmuls
                0x00d1ac1d                _atomic_load_increasing_32
 .text.__Z12render_leveljN7tinystl13unordered_mapIjhNS_9allocatorEEEjjbbbhhh
                0x00d1ac42      0x668 obj/Technicl.o
                0x00d1ac42                __Z12render_leveljN7tinystl13unordered_mapIjhNS_9allocatorEEEjjbbbhhh
 .text.__ZN7tinystl13unordered_mapIjhNS_9allocatorEEC2ERKS2_
                0x00d1b2aa      0x1b7 obj/Technicl.o
                0x00d1b2aa                __ZN7tinystl13unordered_mapIjhNS_9allocatorEEC2ERKS2_
 .text.__ZN7tinystl13unordered_mapIjhNS_9allocatorEED2Ev
                0x00d1b461       0x32 obj/Technicl.o
                0x00d1b461                __ZN7tinystl13unordered_mapIjhNS_9allocatorEED2Ev
 .text.__ZN7tinystl13unordered_mapIjhNS_9allocatorEE5clearEv
                0x00d1b493       0x5d obj/Technicl.o
                0x00d1b493                __ZN7tinystl13unordered_mapIjhNS_9allocatorEE5clearEv
 .text.__ZN7tinystlL13buffer_resizeIPNS_19unordered_hash_nodeIjhEENS_9allocatorEEEvPNS_6bufferIT_T0_EEjRKS6_
                0x00d1b4f0      0x120 obj/Technicl.o
 .text.__ZN7tinystl4hashIjEEjRKT_
                0x00d1b610       0x5b obj/Technicl.o
                0x00d1b610                __ZN7tinystl4hashIjEEjRKT_
 .text.__Z26render_tile_selection_menuhPhh
                0x00d1b66b      0x11e obj/Technicl.o
                0x00d1b66b                __Z26render_tile_selection_menuhPhh
 .text.__Z4initv
                0x00d1b789       0x49 obj/Technicl.o
                0x00d1b789                __Z4initv
 .text.__Z4gamev
                0x00d1b7d2      0x69e obj/Technicl.o
                0x00d1b7d2                __Z4gamev
 .text.__ZN7tinystl13unordered_mapIjhNS_9allocatorEEixERKj
                0x00d1be70       0x30 obj/Technicl.o
                0x00d1be70                __ZN7tinystl13unordered_mapIjhNS_9allocatorEEixERKj
 .text.__Z19tile_selection_menuRhN7tinystl13unordered_mapIjhNS0_9allocatorEEEjj
                0x00d1bea0      0x286 obj/Technicl.o
                0x00d1bea0                __Z19tile_selection_menuRhN7tinystl13unordered_mapIjhNS0_9allocatorEEEjj
 .text.__ZN7tinystl13unordered_mapIjhNS_9allocatorEE6insertERKNS_4pairIjhEE
                0x00d1c126       0xf2 obj/Technicl.o
                0x00d1c126                __ZN7tinystl13unordered_mapIjhNS_9allocatorEE6insertERKNS_4pairIjhEE
 .text.__ZN7tinystl13unordered_mapIjhNS_9allocatorEE4findERKj
                0x00d1c218       0x86 obj/Technicl.o
                0x00d1c218                __ZN7tinystl13unordered_mapIjhNS_9allocatorEE4findERKj
 .text.__ZN7tinystlL13buffer_resizeIPNS_19unordered_hash_nodeIjhEENS_9allocatorEEEvPNS_6bufferIT_T0_EEjRKS6_.3
                0x00d1c29e      0x120 obj/Technicl.o
 .text.__ZN7tinystlL26unordered_hash_node_insertIjhEEvPNS_19unordered_hash_nodeIT_T0_EEjPS5_j
                0x00d1c3be      0x11b obj/Technicl.o
 .text.__ZN7tinystl13unordered_mapIjhNS_9allocatorEE6rehashEj
                0x00d1c4d9       0xc2 obj/Technicl.o
                0x00d1c4d9                __ZN7tinystl13unordered_mapIjhNS_9allocatorEE6rehashEj
 .text._main    0x00d1c59b       0x10 obj/Technicl.o
                0x00d1c59b                _main
 .text.__Z10perlinInitj
                0x00d1c5ab       0x8e obj/Technicl.o
                0x00d1c5ab                __Z10perlinInitj
 .text.__Z4fadei
                0x00d1c639       0x55 obj/Technicl.o
                0x00d1c639                __Z4fadei
 .text.__Z4gradhii
                0x00d1c68e       0x4b obj/Technicl.o
                0x00d1c68e                __Z4gradhii
 .text.__Z8perlin2djj
                0x00d1c6d9      0x158 obj/Technicl.o
                0x00d1c6d9                __Z8perlin2djj
 .text.__Z11hashTerrainjjjN7tinystl13unordered_mapIjhNS_9allocatorEEE
                0x00d1c831       0x5c obj/Technicl.o
                0x00d1c831                __Z11hashTerrainjjjN7tinystl13unordered_mapIjhNS_9allocatorEEE
 .text.__Z15create_randSeedv
                0x00d1c88d       0xca obj/Technicl.o
                0x00d1c88d                __Z15create_randSeedv
 .text.__Z9writeSavejjjRhN7tinystl13unordered_mapIjhNS0_9allocatorEEE
                0x00d1c957      0x17c obj/Technicl.o
                0x00d1c957                __Z9writeSavejjjRhN7tinystl13unordered_mapIjhNS0_9allocatorEEE
 .text.__Z8readSaveRjS_S_RhRN7tinystl13unordered_mapIjhNS1_9allocatorEEE
                0x00d1cad3      0x1d8 obj/Technicl.o
                0x00d1cad3                __Z8readSaveRjS_S_RhRN7tinystl13unordered_mapIjhNS1_9allocatorEEE
 .text.__Z4tickRN7tinystl13unordered_mapIjhNS_9allocatorEEES3_jj
                0x00d1ccab      0x995 obj/Technicl.o
                0x00d1ccab                __Z4tickRN7tinystl13unordered_mapIjhNS_9allocatorEEES3_jj
 .text.__ZN7tinystl13unordered_mapIjhNS_9allocatorEE5eraseENS_23unordered_hash_iteratorIKNS_19unordered_hash_nodeIjhEEEE
                0x00d1d640       0xb5 obj/Technicl.o
                0x00d1d640                __ZN7tinystl13unordered_mapIjhNS_9allocatorEE5eraseENS_23unordered_hash_iteratorIKNS_19unordered_hash_nodeIjhEEEE
 .text._delay   0x00d1d6f5       0x2a obj/Technicl.o
                0x00d1d6f5                _delay
                0x00d1d6f5                _msleep
 .text._random  0x00d1d71f       0x55 obj/Technicl.o
                0x00d1d71f                _random
 .text._srandom
                0x00d1d774       0x17 obj/Technicl.o
                0x00d1d774                _srandom
                0x00d1d77b                __setstate
 .text.__Znwj   0x00d1d78b       0x47 obj/Technicl.o
                0x00d1d78b                __Znwj
 .text.__ZdlPv  0x00d1d7d2       0x10 obj/Technicl.o
                0x00d1d7d2                __ZdlPv
 .text._malloc  0x00d1d7e2       0xc2 C:/Users/Tri-America/Downloads/CEdev-Windows/CEdev/lib/libc/allocator_standard.a(allocator_standard.o)
                0x00d1d7e2                _malloc
 .text._free    0x00d1d8a4       0xbd C:/Users/Tri-America/Downloads/CEdev-Windows/CEdev/lib/libc/allocator_standard.a(allocator_standard.o)
                0x00d1d8a4                _free
 *(.gnu.warning)

.rodata         0x00d1d961       0x6d
 *(.rodata .rodata.* .gnu.linkonce.r.*)
 .rodata.__Z4gradhii
                0x00d1d961       0x18 obj/Technicl.o
 .rodata.__Z4tickRN7tinystl13unordered_mapIjhNS_9allocatorEEES3_jj
                0x00d1d979        0xc obj/Technicl.o
 .rodata._.str  0x00d1d985        0x8 obj/Technicl.o
 .rodata._.str.1
                0x00d1d98d        0x3 obj/Technicl.o
 .rodata._.str.1.2
                0x00d1d990        0x3 obj/Technicl.o
 .rodata.___const._Z19tile_selection_menuRhN7tinystl13unordered_mapIjhNS0_9allocatorEEEjj.possible_tile_selections
                0x00d1d993        0x7 obj/Technicl.o
 .rodata._.str.10
                0x00d1d99a        0x7 obj/Technicl.o
 .rodata._.str.1.11
                0x00d1d9a1        0x5 obj/Technicl.o
 .rodata._.str.2
                0x00d1d9a6        0x3 obj/Technicl.o
 .rodata._.str.3
                0x00d1d9a9        0x3 obj/Technicl.o
 .rodata.libload
                0x00d1d9ac       0x22 obj/crt0.o

.init_array     0x00d1d9ce        0x0
                [!provide]                        PROVIDE (__init_array_start = .)
 *(.preinit_array)
 *(SORT_BY_INIT_PRIORITY(.init_array.*))
 *(.init_array)
                [!provide]                        PROVIDE (__init_array_end = .)

.fini_array     0x00d1d9ce        0x0
                [!provide]                        PROVIDE (__fini_array_start = .)
 *(SORT_BY_INIT_PRIORITY(.fini_array.*))
 *(.fini_array)
                [!provide]                        PROVIDE (__fini_array_end = .)
                0x00d1d9ce                        ___data_low = .

.data           0x00d1d9ce     0x21c5
 *(.data .data.* .gnu.linkonce.d.*)
 .data          0x00d1d9ce       0x10 obj/Technicl.o
 .data._gameTiles_tile_0_data
                0x00d1d9de      0x102 obj/Technicl.o
                0x00d1d9de                _gameTiles_tile_0_data
 .data._gameTiles_tile_1_data
                0x00d1dae0      0x102 obj/Technicl.o
                0x00d1dae0                _gameTiles_tile_1_data
 .data._gameTiles_tile_2_data
                0x00d1dbe2      0x102 obj/Technicl.o
                0x00d1dbe2                _gameTiles_tile_2_data
 .data._gameTiles_tile_3_data
                0x00d1dce4      0x102 obj/Technicl.o
                0x00d1dce4                _gameTiles_tile_3_data
 .data._gameTiles_tile_4_data
                0x00d1dde6      0x102 obj/Technicl.o
                0x00d1dde6                _gameTiles_tile_4_data
 .data._gameTiles_tile_5_data
                0x00d1dee8      0x102 obj/Technicl.o
                0x00d1dee8                _gameTiles_tile_5_data
 .data._gameTiles_tile_6_data
                0x00d1dfea      0x102 obj/Technicl.o
                0x00d1dfea                _gameTiles_tile_6_data
 .data._gameTiles_tile_7_data
                0x00d1e0ec      0x102 obj/Technicl.o
                0x00d1e0ec                _gameTiles_tile_7_data
 .data._gameTiles_tile_8_data
                0x00d1e1ee      0x102 obj/Technicl.o
                0x00d1e1ee                _gameTiles_tile_8_data
 .data._gameTiles_tile_9_data
                0x00d1e2f0      0x102 obj/Technicl.o
                0x00d1e2f0                _gameTiles_tile_9_data
 .data._gameTiles_tile_10_data
                0x00d1e3f2      0x102 obj/Technicl.o
                0x00d1e3f2                _gameTiles_tile_10_data
 .data._gameTiles_tile_11_data
                0x00d1e4f4      0x102 obj/Technicl.o
                0x00d1e4f4                _gameTiles_tile_11_data
 .data._gameTiles_tile_12_data
                0x00d1e5f6      0x102 obj/Technicl.o
                0x00d1e5f6                _gameTiles_tile_12_data
 .data._gameTiles_tile_13_data
                0x00d1e6f8      0x102 obj/Technicl.o
                0x00d1e6f8                _gameTiles_tile_13_data
 .data._gameTiles_tile_14_data
                0x00d1e7fa      0x102 obj/Technicl.o
                0x00d1e7fa                _gameTiles_tile_14_data
 .data._gameTiles_tile_15_data
                0x00d1e8fc      0x102 obj/Technicl.o
                0x00d1e8fc                _gameTiles_tile_15_data
 .data._gameTiles_tile_16_data
                0x00d1e9fe      0x102 obj/Technicl.o
                0x00d1e9fe                _gameTiles_tile_16_data
 .data._gameTiles_tile_17_data
                0x00d1eb00      0x102 obj/Technicl.o
                0x00d1eb00                _gameTiles_tile_17_data
 .data._gameTiles_tile_18_data
                0x00d1ec02      0x102 obj/Technicl.o
                0x00d1ec02                _gameTiles_tile_18_data
 .data._gameTiles_tile_19_data
                0x00d1ed04      0x102 obj/Technicl.o
                0x00d1ed04                _gameTiles_tile_19_data
 .data._gameTiles_tile_20_data
                0x00d1ee06      0x102 obj/Technicl.o
                0x00d1ee06                _gameTiles_tile_20_data
 .data._gameTiles_tile_21_data
                0x00d1ef08      0x102 obj/Technicl.o
                0x00d1ef08                _gameTiles_tile_21_data
 .data._gameTiles_tile_22_data
                0x00d1f00a      0x102 obj/Technicl.o
                0x00d1f00a                _gameTiles_tile_22_data
 .data._gameTiles_tile_23_data
                0x00d1f10c      0x102 obj/Technicl.o
                0x00d1f10c                _gameTiles_tile_23_data
 .data._gameTiles_tile_24_data
                0x00d1f20e      0x102 obj/Technicl.o
                0x00d1f20e                _gameTiles_tile_24_data
 .data._gameTiles_tile_25_data
                0x00d1f310      0x102 obj/Technicl.o
                0x00d1f310                _gameTiles_tile_25_data
 .data._gameTiles_tile_26_data
                0x00d1f412      0x102 obj/Technicl.o
                0x00d1f412                _gameTiles_tile_26_data
 .data._gameTiles_tile_27_data
                0x00d1f514      0x102 obj/Technicl.o
                0x00d1f514                _gameTiles_tile_27_data
 .data._gameTiles_tile_28_data
                0x00d1f616      0x102 obj/Technicl.o
                0x00d1f616                _gameTiles_tile_28_data
 .data._gameTiles_tile_29_data
                0x00d1f718      0x102 obj/Technicl.o
                0x00d1f718                _gameTiles_tile_29_data
 .data._gameTiles_tile_30_data
                0x00d1f81a      0x102 obj/Technicl.o
                0x00d1f81a                _gameTiles_tile_30_data
 .data._gameTiles_tile_31_data
                0x00d1f91c      0x102 obj/Technicl.o
                0x00d1f91c                _gameTiles_tile_31_data
 .data._game8   0x00d1fa1e       0x10 obj/Technicl.o
                0x00d1fa1e                _game8
 .data._cursor_data
                0x00d1fa2e      0x102 obj/Technicl.o
                0x00d1fa2e                _cursor_data
 .data._gameTiles_tiles_data
                0x00d1fb30       0x60 obj/Technicl.o
                0x00d1fb30                _gameTiles_tiles_data
 .data._heap_ptr
                0x00d1fb90        0x3 C:/Users/Tri-America/Downloads/CEdev-Windows/CEdev/lib/libc/allocator_standard.a(allocator_standard.o)
 *(.data1)
                0x00d1fb93                        ___runprgm_reloc_start = .
 *(.runprgm.reloc)
                0x00d1fb93                        ___runprgm_reloc_end = .
                0x00d1fb93                        ___data_high = .
                0x000021c5                        ___data_len = (___data_high - ___data_low)
                0x00d052c6                        . = BSSHEAP_LOW
                0x00d052c6                        ___bss_low = .

.bss            0x00d052c6      0x212
 *(.dynbss)
 *(.bss .bss.* .gnu.linkonce.b.*)
 .bss._seed     0x00d052c6        0x3 obj/Technicl.o
                0x00d052c6                _seed
 .bss._x        0x00d052c9        0x3 obj/Technicl.o
                0x00d052c9                _x
 .bss._y        0x00d052cc        0x3 obj/Technicl.o
                0x00d052cc                _y
 .bss._perm     0x00d052cf      0x200 obj/Technicl.o
                0x00d052cf                _perm
 .bss.__ZNSt12_GLOBAL__N_113__new_handlerE
                0x00d054cf        0x3 obj/Technicl.o
 .bss.__alloc_base
                0x00d054d2        0x6 C:/Users/Tri-America/Downloads/CEdev-Windows/CEdev/lib/libc/allocator_standard.a(allocator_standard.o)
 *(COMMON)
                0x00d054d8                        ___bss_high = .
                0x00000212                        ___bss_len = (___bss_high - ___bss_low)
                0x00000001                        ASSERT ((. <= BSSHEAP_HIGH), Error: BSS exceed BSSHEAP_HIGH limit)
                0x00d054d8                        ___heap_low = .
                0x00d13fd8                        . = BSSHEAP_HIGH
                0x00d13fd8                        ___heap_high = .

.runprgm
 *(.runprgm.reloc)

.debug_info
 *(.debug_info .debug_info.*)

.debug_abbrev
 *(.debug_abbrev .debug_abbrev.*)

.debug_line
 *(.debug_line .debug_line.*)

.debug_line_str
 *(.debug_line_str .debug_line_str.*)

.debug_str
 *(.debug_str .debug_str.*)

.debug_str_offsets
 *(.debug_str_offsets .debug_str_offsets.*)

.debug_addr
 *(.debug_addr .debug_addr.*)

.debug_aranges
 *(.debug_aranges .debug_aranges.*)

.debug_ranges
 *(.debug_ranges .debug_ranges.*)

.debug_rnglists
 *(.debug_rnglists .debug_rnglists.*)

.debug_loc
 *(.debug_loc .debug_loc.*)

.debug_loclists
 *(.debug_loclists .debug_loclists.*)

.debug_frame
 *(.debug_frame .debug_frame.*)

.debug_macro
 *(.debug_macro .debug_macro.*)

.debug_macinfo
 *(.debug_macinfo .debug_macinfo.*)

.debug_names
 *(.debug_names .debug_names.*)

.debug_pubnames
 *(.debug_pubnames .debug_pubnames.*)

.debug_pubtypes
 *(.debug_pubtypes .debug_pubtypes.*)

.debug_types
 *(.debug_types .debug_types.*)

.debug_sup
 *(.debug_sup .debug_sup.*)

.debug_cu_index
 *(.debug_cu_index .debug_cu_index.*)

.debug_tu_index
 *(.debug_tu_index .debug_tu_index.*)

.gdb_index
 *(.gdb_index)

.debug_gdb_scripts
 *(.debug_gdb_scripts)

.debug_abbrev.dwo
 *(.debug_abbrev.dwo .debug_abbrev.dwo.*)

.debug_info.dwo
 *(.debug_info.dwo .debug_info.dwo.*)

.debug_line.dwo
 *(.debug_line.dwo .debug_line.dwo.*)

.debug_loclists.dwo
 *(.debug_loclists.dwo .debug_loclists.dwo.*)

.debug_macro.dwo
 *(.debug_macro.dwo .debug_macro.dwo.*)

.debug_rnglists.dwo
 *(.debug_rnglists.dwo .debug_rnglists.dwo.*)

.debug_str.dwo
 *(.debug_str.dwo .debug_str.dwo.*)

.debug_str_offsets.dwo
 *(.debug_str_offsets.dwo .debug_str_offsets.dwo.*)

.eh_frame
 *(.eh_frame)

.eh_frame_hdr
 *(.eh_frame_hdr)

/DISCARD/
 *(.comment)
 *(.note*)
                [!provide]                        PROVIDE (___runprgm_reloc_len = (___runprgm_reloc_end - ___runprgm_reloc_start))
LOAD obj/Technicl.o
LOAD obj/crt0.o
START GROUP
LOAD C:/Users/Tri-America/Downloads/CEdev-Windows/CEdev/lib/libc/allocator_standard.a
LOAD C:/Users/Tri-America/Downloads/CEdev-Windows/CEdev/lib/crt/libcrt.a
LOAD C:/Users/Tri-America/Downloads/CEdev-Windows/CEdev/lib/ce/libce.a
LOAD C:/Users/Tri-America/Downloads/CEdev-Windows/CEdev/lib/softfloat/libsoftfloat.a
LOAD C:/Users/Tri-America/Downloads/CEdev-Windows/CEdev/lib/libc/libc_os.a
LOAD C:/Users/Tri-America/Downloads/CEdev-Windows/CEdev/lib/libcxx/libcxx.a
END GROUP
OUTPUT(bin/Technicl.obj elf32-z80)
